../Core/Src/main.c:92:6:read_calliberation_data	48	static
../Core/Src/main.c:114:10:Get_UTemp	32	static
../Core/Src/main.c:124:7:BMP180_GetTemp	24	static
../Core/Src/main.c:136:10:Get_UPress	40	static
../Core/Src/main.c:161:7:BMP180_GetPress	32	static
../Core/Src/main.c:189:7:BMP180_GetAlt	24	static
../Core/Src/main.c:213:5:main	16	static
../Core/Src/main.c:297:6:SystemClock_Config	88	static
../Core/Src/main.c:343:13:MX_I2C1_Init	8	static
../Core/Src/main.c:377:13:MX_USART2_UART_Init	8	static
../Core/Src/main.c:410:13:MX_GPIO_Init	48	static
../Core/Src/main.c:440:6:Error_Handler	4	static,ignoring_inline_asm
